{"logTime": "0721/225044", "correlationVector":"Kom+l7UrC9W9Sp1omMkRlk","action":"Initial GetUpdates", "result":"", "context":Reason: NEWLY_SUPPORTED_DATATYPE. cV=Kom+l7UrC9W9Sp1omMkRlk}
{"logTime": "0721/225045", "correlationVector":"Kom+l7UrC9W9Sp1omMkRlk.1","action":"SyncServerConnectionManagerRequest", "result":"SYNC_SERVER_OK", "context":{"environment":"Prod_eastus_prod-s01-056-nam-eastus", "migrationStage":"NotStarted", "server":"akswtt11500000l"}}
{"logTime": "0721/225045", "correlationVector":"Kom+l7UrC9W9Sp1omMkRlk.2","action":"ProcessGetUpdates", "result":"Done", "context":{"dataType":"Bookmarks", "deleted":"0", "process_failed_to_decrypt":"0", "process_pending_decryption":"0", "process_success":"61", "total":"61"}}
{"logTime": "0721/225045", "correlationVector":"Kom+l7UrC9W9Sp1omMkRlk.3","action":"ProcessGetUpdates", "result":"Done", "context":{"dataType":"Preferences", "deleted":"0", "process_failed_to_decrypt":"0", "process_pending_decryption":"0", "process_success":"52", "total":"52"}}
{"logTime": "0721/225045", "correlationVector":"Kom+l7UrC9W9Sp1omMkRlk.4","action":"ProcessGetUpdates", "result":"Done", "context":{"dataType":"Sessions", "deleted":"21", "process_failed_to_decrypt":"0", "process_pending_decryption":"0", "process_success":"23", "total":"23"}}
{"logTime": "0721/225045", "correlationVector":"Kom+l7UrC9W9Sp1omMkRlk.5","action":"GetUpdates Response", "result":"Success", "context":Received 136 update(s). cV=Kom+l7UrC9W9Sp1omMkRlk.0;server=akswtt11500000l;cloudType=Consumer;environment=Prod_eastus_prod-s01-056-nam-eastus;migrationStage=NotStarted}
{"logTime": "0721/225045", "correlationVector":"yM5lFCnodC/5x4XYEtzdIU","action":"Initial GetUpdates", "result":"", "context":Reason: NEWLY_SUPPORTED_DATATYPE. cV=yM5lFCnodC/5x4XYEtzdIU}
{"logTime": "0721/225045", "correlationVector":"yM5lFCnodC/5x4XYEtzdIU.1","action":"SyncServerConnectionManagerRequest", "result":"SYNC_SERVER_OK", "context":{"environment":"Prod_eastus_prod-s01-056-nam-eastus", "migrationStage":"NotStarted", "server":"akswtt115000001"}}
{"logTime": "0721/225045", "correlationVector":"yM5lFCnodC/5x4XYEtzdIU.2","action":"ProcessGetUpdates", "result":"Done", "context":{"dataType":"History", "deleted":"0", "process_failed_to_decrypt":"0", "process_pending_decryption":"0", "process_success":"13", "total":"13"}}
{"logTime": "0721/225045", "correlationVector":"yM5lFCnodC/5x4XYEtzdIU.3","action":"GetUpdates Response", "result":"Success", "context":Received 13 update(s). cV=yM5lFCnodC/5x4XYEtzdIU.0;server=akswtt115000001;cloudType=Consumer;environment=Prod_eastus_prod-s01-056-nam-eastus;migrationStage=NotStarted}
{"logTime": "0721/225045", "correlationVector":"P+Xou42GYuz84PCAPLC0en","action":"Normal GetUpdate request", "result":"", "context":cV=P+Xou42GYuz84PCAPLC0en
Nudged types: Sessions, Device Info, User Consents
Refresh requested types: Bookmarks, Preferences, Passwords, Autofill Profiles, Autofill, Extensions, Sessions, Extension settings, History Delete Directives, Device Info, User Consents, Send Tab To Self, Web Apps, History, Saved Tab Group, WebAuthn Credentials, Edge E Drop, Edge Hub App Usage, Edge Workspace, Encryption Keys}
{"logTime": "0721/225046", "correlationVector":"P+Xou42GYuz84PCAPLC0en.1","action":"SyncServerConnectionManagerRequest", "result":"SYNC_SERVER_OK", "context":{"environment":"Prod_eastus_prod-s01-056-nam-eastus", "migrationStage":"NotStarted", "server":"akswtt11500000i"}}
{"logTime": "0721/225046", "correlationVector":"P+Xou42GYuz84PCAPLC0en.2","action":"ProcessGetUpdates", "result":"Done", "context":{"dataType":"Device Info", "deleted":"0", "process_failed_to_decrypt":"0", "process_pending_decryption":"0", "process_success":"1", "total":"1"}}
{"logTime": "0721/225046", "correlationVector":"P+Xou42GYuz84PCAPLC0en.3","action":"GetUpdates Response", "result":"Success", "context":Received 1 update(s). cV=P+Xou42GYuz84PCAPLC0en.0;server=akswtt11500000i;cloudType=Consumer;environment=Prod_eastus_prod-s01-056-nam-eastus;migrationStage=NotStarted}
{"logTime": "0721/225046", "correlationVector":"usfrSAcNldeU+LE7fIHNst","action":"DoCompareDataConsistency: ", "result":"has local changes and skip compare"}
{"logTime": "0721/225046", "correlationVector":"3QnuAK+DAl+X0CbmqR0hN8","action":"Commit Request", "result":"", "context":Item count: 5
Contributing types: Sessions, Device Info, User Consents, History}
{"logTime": "0721/225047", "correlationVector":"3QnuAK+DAl+X0CbmqR0hN8.1","action":"SyncServerConnectionManagerRequest", "result":"SYNC_SERVER_OK", "context":{"environment":"Prod_eastus_prod-s01-056-nam-eastus", "migrationStage":"NotStarted", "server":"akswtt11500000a"}}
{"logTime": "0721/225047", "correlationVector":"3QnuAK+DAl+X0CbmqR0hN8.2","action":"Commit Response", "result":"Success", "context":Result: Success. cV=3QnuAK+DAl+X0CbmqR0hN8.0;server=akswtt11500000a;cloudType=Consumer;environment=Prod_eastus_prod-s01-056-nam-eastus;migrationStage=NotStarted}
{"logTime": "0722/155844", "correlationVector":"7+MD0B0pADsjXxsOeDSdRh","action":"Normal GetUpdate request", "result":"", "context":cV=7+MD0B0pADsjXxsOeDSdRh
Nudged types: Sessions, History
Refresh requested types: Bookmarks, Preferences, Passwords, Autofill Profiles, Autofill, Extensions, Sessions, Extension settings, History Delete Directives, Device Info, User Consents, Send Tab To Self, Web Apps, History, Saved Tab Group, WebAuthn Credentials, Edge E Drop, Edge Hub App Usage, Edge Workspace, Encryption Keys}
{"logTime": "0722/155844", "correlationVector":"7+MD0B0pADsjXxsOeDSdRh.1","action":"SyncServerConnectionManagerRequest", "result":"SYNC_SERVER_OK", "context":{"environment":"Prod_eastus_prod-s01-056-nam-eastus", "migrationStage":"NotStarted", "server":"akswtt11500000a"}}
{"logTime": "0722/155844", "correlationVector":"7+MD0B0pADsjXxsOeDSdRh.2","action":"ProcessGetUpdates", "result":"Done", "context":{"dataType":"Sessions", "deleted":"1", "process_failed_to_decrypt":"0", "process_pending_decryption":"0", "process_success":"6", "total":"6"}}
{"logTime": "0722/155844", "correlationVector":"7+MD0B0pADsjXxsOeDSdRh.3","action":"ProcessGetUpdates", "result":"Done", "context":{"dataType":"Device Info", "deleted":"0", "process_failed_to_decrypt":"0", "process_pending_decryption":"0", "process_success":"1", "total":"1"}}
{"logTime": "0722/155844", "correlationVector":"7+MD0B0pADsjXxsOeDSdRh.4","action":"ProcessGetUpdates", "result":"Done", "context":{"dataType":"History", "deleted":"0", "process_failed_to_decrypt":"0", "process_pending_decryption":"0", "process_success":"4", "total":"4"}}
{"logTime": "0722/155844", "correlationVector":"7+MD0B0pADsjXxsOeDSdRh.5","action":"GetUpdates Response", "result":"Success", "context":Received 11 update(s). cV=7+MD0B0pADsjXxsOeDSdRh.0;server=akswtt11500000a;cloudType=Consumer;environment=Prod_eastus_prod-s01-056-nam-eastus;migrationStage=NotStarted}
{"logTime": "0722/155844", "correlationVector":"HFGI8ZOwVYBUAX9Eo7A7/U","action":"Commit Request", "result":"", "context":Item count: 4
Contributing types: Sessions, History}
{"logTime": "0722/155845", "correlationVector":"HFGI8ZOwVYBUAX9Eo7A7/U.1","action":"SyncServerConnectionManagerRequest", "result":"SYNC_SERVER_OK", "context":{"environment":"Prod_eastus_prod-s01-056-nam-eastus", "migrationStage":"NotStarted", "server":"akswtt11500000m"}}
{"logTime": "0722/155845", "correlationVector":"HFGI8ZOwVYBUAX9Eo7A7/U.2","action":"Commit Response", "result":"Success", "context":Result: Success. cV=HFGI8ZOwVYBUAX9Eo7A7/U.0;server=akswtt11500000m;cloudType=Consumer;environment=Prod_eastus_prod-s01-056-nam-eastus;migrationStage=NotStarted}
{"logTime": "0722/155845", "correlationVector":"regnfEgjl8xHjE1qQaQyGK","action":"Commit Request", "result":"", "context":Item count: 1
Contributing types: History}
{"logTime": "0722/155845", "correlationVector":"regnfEgjl8xHjE1qQaQyGK.1","action":"SyncServerConnectionManagerRequest", "result":"SYNC_SERVER_OK", "context":{"environment":"Prod_eastus2_prod-s01-050-nam-eastus2", "migrationStage":"NotStarted", "server":"akswtt115000022"}}
{"logTime": "0722/155845", "correlationVector":"regnfEgjl8xHjE1qQaQyGK.2","action":"Commit Response", "result":"Success", "context":Result: Success. cV=regnfEgjl8xHjE1qQaQyGK.0;server=akswtt115000022;cloudType=Consumer;environment=Prod_eastus2_prod-s01-050-nam-eastus2;migrationStage=NotStarted}
{"logTime": "0722/155845", "correlationVector":"6diTpZHXOjEzlTQb/SqCLY","action":"Commit Request", "result":"", "context":Item count: 1
Contributing types: Sessions}
{"logTime": "0722/155845", "correlationVector":"6diTpZHXOjEzlTQb/SqCLY.1","action":"SyncServerConnectionManagerRequest", "result":"SYNC_SERVER_OK", "context":{"environment":"Prod_eastus2_prod-s01-050-nam-eastus2", "migrationStage":"NotStarted", "server":"akswtt11500000k"}}
{"logTime": "0722/155845", "correlationVector":"6diTpZHXOjEzlTQb/SqCLY.2","action":"Commit Response", "result":"Success", "context":Result: Success. cV=6diTpZHXOjEzlTQb/SqCLY.0;server=akswtt11500000k;cloudType=Consumer;environment=Prod_eastus2_prod-s01-050-nam-eastus2;migrationStage=NotStarted}
{"logTime": "0722/155845", "correlationVector":"ptze4Nzm5FpFDReBaTq3Db","action":"Poll GetUpdate request", "result":"", "context":cV=ptze4Nzm5FpFDReBaTq3Db}
{"logTime": "0722/155846", "correlationVector":"ptze4Nzm5FpFDReBaTq3Db.1","action":"SyncServerConnectionManagerRequest", "result":"SYNC_SERVER_OK", "context":{"environment":"Prod_eastus2_prod-s01-050-nam-eastus2", "migrationStage":"NotStarted", "server":"akswtt11500000j"}}
{"logTime": "0722/155846", "correlationVector":"ptze4Nzm5FpFDReBaTq3Db.2","action":"ProcessGetUpdates", "result":"Done", "context":{"dataType":"Sessions", "deleted":"0", "process_failed_to_decrypt":"0", "process_pending_decryption":"0", "process_success":"2", "total":"2"}}
{"logTime": "0722/155846", "correlationVector":"ptze4Nzm5FpFDReBaTq3Db.3","action":"ProcessGetUpdates", "result":"Done", "context":{"dataType":"History", "deleted":"0", "process_failed_to_decrypt":"0", "process_pending_decryption":"0", "process_success":"2", "total":"2"}}
{"logTime": "0722/155846", "correlationVector":"ptze4Nzm5FpFDReBaTq3Db.4","action":"GetUpdates Response", "result":"Success", "context":Received 4 update(s). cV=ptze4Nzm5FpFDReBaTq3Db.0;server=akswtt11500000j;cloudType=Consumer;environment=Prod_eastus2_prod-s01-050-nam-eastus2;migrationStage=NotStarted}
{"logTime": "0722/155846", "correlationVector":"Q+Ybvwr27regnwHoXZu4cP","action":"DoCompareDataConsistency requsted types: ", "result":"Bookmarks, Preferences, Passwords, Extensions, Extension settings, History Delete Directives, Send Tab To Self, Web Apps, History, Saved Tab Group, WebAuthn Credentials, Edge E Drop, Edge Workspace, Encryption Keys"}
{"logTime": "0722/155846", "correlationVector":"Q+Ybvwr27regnwHoXZu4cP.0","action":"CompareDataConsistency result: ", "result":"Compare result: Encryption Keys is consistent. local entities count is: 1 local entities hash is: oSfNxwB8LBzIFpj0cRnF/unNpiU="}
{"logTime": "0722/155846", "correlationVector":"Q+Ybvwr27regnwHoXZu4cP.1","action":"CompareDataConsistency result: ", "result":"Compare result: Bookmarks is consistent. local entities count is: 55 local entities hash is: FimpC0wxKj/TuRydnZp9V76ri0I="}
{"logTime": "0722/155846", "correlationVector":"Q+Ybvwr27regnwHoXZu4cP.2","action":"CompareDataConsistency result: ", "result":"Compare result: Preferences is consistent. local entities count is: 52 local entities hash is: KA/ysMxyFM7TX3oAV18D0uzg8Ww="}
{"logTime": "0722/155846", "correlationVector":"Q+Ybvwr27regnwHoXZu4cP.3","action":"CompareDataConsistency result: ", "result":"Compare result: Passwords is consistent. local entities count is: 31 local entities hash is: UBhziM6XKScPRcWH87tEbJSc+pc="}
{"logTime": "0722/155846", "correlationVector":"Q+Ybvwr27regnwHoXZu4cP.4","action":"CompareDataConsistency result: ", "result":"Compare result: Extensions is consistent. local entities count is: 0 local entities hash is: "}
{"logTime": "0722/155846", "correlationVector":"Q+Ybvwr27regnwHoXZu4cP.5","action":"CompareDataConsistency result: ", "result":"Compare result: Extension settings is consistent. local entities count is: 0 local entities hash is: "}
{"logTime": "0722/155846", "correlationVector":"Q+Ybvwr27regnwHoXZu4cP.6","action":"CompareDataConsistency result: ", "result":"Compare result: History Delete Directives is consistent. local entities count is: 0 local entities hash is: "}
{"logTime": "0722/155846", "correlationVector":"Q+Ybvwr27regnwHoXZu4cP.7","action":"CompareDataConsistency result: ", "result":"Server did not send this Send Tab To Self local entities count is: 0 local entities hash is: "}
{"logTime": "0722/155846", "correlationVector":"Q+Ybvwr27regnwHoXZu4cP.8","action":"CompareDataConsistency result: ", "result":"Compare result: Web Apps is consistent. local entities count is: 0 local entities hash is: "}
{"logTime": "0722/155846", "correlationVector":"Q+Ybvwr27regnwHoXZu4cP.9","action":"CompareDataConsistency result: ", "result":"Server did not send this History local entities count is: 0 local entities hash is: "}
{"logTime": "0722/155846", "correlationVector":"Q+Ybvwr27regnwHoXZu4cP.10","action":"CompareDataConsistency result: ", "result":"Compare result: Saved Tab Group is consistent. local entities count is: 0 local entities hash is: "}
{"logTime": "0722/155846", "correlationVector":"Q+Ybvwr27regnwHoXZu4cP.11","action":"CompareDataConsistency result: ", "result":"Server did not send this WebAuthn Credentials local entities count is: 0 local entities hash is: "}
{"logTime": "0722/155846", "correlationVector":"Q+Ybvwr27regnwHoXZu4cP.12","action":"CompareDataConsistency result: ", "result":"Compare result: Edge E Drop is consistent. local entities count is: 0 local entities hash is: "}
{"logTime": "0722/155846", "correlationVector":"Q+Ybvwr27regnwHoXZu4cP.13","action":"CompareDataConsistency result: ", "result":"Server did not send this Edge Workspace local entities count is: 0 local entities hash is: "}
{"logTime": "0722/155847", "correlationVector":"","action":"DIAGNOSTIC_REQUEST|v1/diagnosticData/Diagnostic.SendCheckResult()|SUCCESS", "result":""}
