2026-07-21 22:50:43.943: [INFO][Sync] SyncState after authenticated was: FeatureCanStart
2026-07-21 22:50:44.387: [INFO][SyncAuthManager::SetLastAuthError] Current auth error: None
2026-07-21 22:50:44.387: [INFO][SyncAuthManager::EdgeLogTokenErrorState] Token error with: None for account type: MSA
2026-07-21 22:50:44.387: [INFO][Sync] Credentials changed for: EdgeSyncKeyDataScope
2026-07-21 22:50:44.702: [INFO][Sync] Try to start sync engine
2026-07-21 22:50:44.710: [INFO][SyncEngineBackend::LoadAndConnectNigoriController] Load and connect Nigori controller
2026-07-21 22:50:44.710: [INFO][SyncEngineBackend::DoInitialize] Control Types added: 
2026-07-21 22:50:44.710: [INFO][SyncManagerImpl::ConfigureSyncer] Types to download:  with reason: 4
2026-07-21 22:50:44.710: [INFO][SyncEngineBackend::DoUpdateKeyDataCredentials] Update key data credentials
2026-07-21 22:50:44.724: [INFO][Sync] Started DataTypeManager configuration, reason: 4
2026-07-21 22:50:44.724: [INFO][Sync] Configuring for: Bookmarks, Preferences, Passwords, Autofill Profiles, Autofill, Extensions, Sessions, Extension settings, History Delete Directives, Device Info, User Consents, Send Tab To Self, Web Apps, History, Saved Tab Group, WebAuthn Credentials, Edge E Drop, Edge Hub App Usage, Edge Workspace, Encryption Keys, reason: 4, current state: 0
2026-07-21 22:50:44.724: [INFO][SyncEngineBackend::DoStartConfiguration] Start configuration
2026-07-21 22:50:44.731: [INFO][Sync] Configure, desired: Bookmarks, Preferences, Passwords, Autofill Profiles, Autofill, Extensions, Sessions, Extension settings, History Delete Directives, Device Info, User Consents, Send Tab To Self, Web Apps, History, Saved Tab Group, WebAuthn Credentials, Edge E Drop, Edge Hub App Usage, Edge Workspace, Encryption Keys; Allow fail: 
2026-07-21 22:50:44.731: [INFO][Sync] Loading: Bookmarks
2026-07-21 22:50:44.731: [INFO][Sync] Loading: Preferences
2026-07-21 22:50:44.731: [INFO][Sync] Loading: Passwords
2026-07-21 22:50:44.731: [INFO][Sync] Loading: Autofill Profiles
2026-07-21 22:50:44.731: [INFO][Sync] Loading: Autofill
2026-07-21 22:50:44.731: [INFO][Sync] Loading: Extensions
2026-07-21 22:50:44.731: [INFO][Sync] Loading: Sessions
2026-07-21 22:50:44.731: [INFO][Sync] Loading: Extension settings
2026-07-21 22:50:44.731: [INFO][Sync] Loading: History Delete Directives
2026-07-21 22:50:44.731: [INFO][Sync] Loading: Device Info
2026-07-21 22:50:44.731: [INFO][Sync] Loading: User Consents
2026-07-21 22:50:44.731: [INFO][Sync] Loading: Send Tab To Self
2026-07-21 22:50:44.731: [INFO][Sync] Loading: Web Apps
2026-07-21 22:50:44.731: [INFO][Sync] Loading: History
2026-07-21 22:50:44.732: [INFO][Sync] Loading: Saved Tab Group
2026-07-21 22:50:44.732: [INFO][Sync] Loading: WebAuthn Credentials
2026-07-21 22:50:44.732: [INFO][Sync] Loading: Edge E Drop
2026-07-21 22:50:44.732: [INFO][Sync] Loading: Edge Hub App Usage
2026-07-21 22:50:44.732: [INFO][Sync] Loading: Edge Workspace
2026-07-21 22:50:44.755: [INFO][SyncAuthManager::SetLastAuthError] Current auth error: None
2026-07-21 22:50:44.755: [INFO][SyncAuthManager::EdgeLogTokenErrorState] Token error with: None for account type: MSA
2026-07-21 22:50:44.755: [INFO][Sync] Credentials changed for: EdgeSyncScopeNew
2026-07-21 22:50:44.756: [INFO][SyncEngineBackend::DoUpdateCredentials] Update credentials
2026-07-21 22:50:44.756: [INFO][SyncEngineBackend::DoUpdateKeyDataCredentials] Update key data credentials
2026-07-21 22:50:44.791: [INFO][Sync] All data types are ready for configure.
2026-07-21 22:50:44.791: [INFO][SyncManagerImpl::NudgeForInitialDownload] Initial download nudge for Bookmarks
2026-07-21 22:50:44.791: [INFO][SyncManagerImpl::NudgeForInitialDownload] Initial download nudge for Preferences
2026-07-21 22:50:44.791: [INFO][SyncManagerImpl::NudgeForInitialDownload] Initial download nudge for Extensions
2026-07-21 22:50:44.791: [INFO][SyncManagerImpl::NudgeForInitialDownload] Initial download nudge for Sessions
2026-07-21 22:50:44.791: [INFO][SyncManagerImpl::NudgeForInitialDownload] Initial download nudge for History Delete Directives
2026-07-21 22:50:44.791: [INFO][SyncManagerImpl::NudgeForInitialDownload] Initial download nudge for Send Tab To Self
2026-07-21 22:50:44.791: [INFO][SyncManagerImpl::NudgeForInitialDownload] Initial download nudge for Web Apps
2026-07-21 22:50:44.791: [INFO][SyncManagerImpl::NudgeForInitialDownload] Initial download nudge for History
2026-07-21 22:50:44.791: [INFO][SyncManagerImpl::NudgeForInitialDownload] Initial download nudge for Saved Tab Group
2026-07-21 22:50:44.791: [INFO][SyncManagerImpl::NudgeForInitialDownload] Initial download nudge for WebAuthn Credentials
2026-07-21 22:50:44.791: [INFO][SyncManagerImpl::NudgeForInitialDownload] Initial download nudge for Edge Workspace
2026-07-21 22:50:44.791: [INFO][SyncManagerImpl::ConfigureSyncer] Types to download:  with reason: 4
2026-07-21 22:50:44.791: [INFO][SyncEngineBackend::DoFinishConfigureDataTypes] Failed to download types:  and succeeded types: 
2026-07-21 22:50:44.827: [INFO][Sync] ConfigurationDone, failed: , succeeded: , remaining count: 3
2026-07-21 22:50:44.827: [INFO][SyncManagerImpl::ConfigureSyncer] Types to download:  with reason: 4
2026-07-21 22:50:44.827: [INFO][SyncEngineBackend::DoFinishConfigureDataTypes] Failed to download types:  and succeeded types: 
2026-07-21 22:50:44.841: [INFO][Sync] ConfigurationDone, failed: , succeeded: , remaining count: 2
2026-07-21 22:50:44.841: [INFO][Sync] Prepare to configure types: Bookmarks, Preferences, Extensions, Sessions, History Delete Directives, Send Tab To Self, Web Apps, Saved Tab Group, WebAuthn Credentials, Edge Workspace, Encryption Keys
2026-07-21 22:50:44.841: [INFO][SyncManagerImpl::ConfigureSyncer] Types to download: Bookmarks, Preferences, Extensions, Sessions, History Delete Directives, Send Tab To Self, Web Apps, Saved Tab Group, WebAuthn Credentials, Edge Workspace, Encryption Keys with reason: 4
2026-07-21 22:50:44.841: [INFO][SyncSchedulerImpl::DoConfigurationSyncCycleJob] Blocked types:  and types to download: Bookmarks, Preferences, Extensions, Sessions, History Delete Directives, Send Tab To Self, Web Apps, Saved Tab Group, WebAuthn Credentials, Edge Workspace, Encryption Keys
2026-07-21 22:50:45.418: [INFO][SyncEngineBackend::DoFinishConfigureDataTypes] Failed to download types:  and succeeded types: Bookmarks, Preferences, Extensions, Sessions, History Delete Directives, Send Tab To Self, Web Apps, Saved Tab Group, WebAuthn Credentials, Edge Workspace, Encryption Keys
2026-07-21 22:50:45.586: [INFO][Sync] ConfigurationDone, failed: , succeeded: Bookmarks, Preferences, Extensions, Sessions, History Delete Directives, Send Tab To Self, Web Apps, Saved Tab Group, WebAuthn Credentials, Edge Workspace, Encryption Keys, remaining count: 1
2026-07-21 22:50:45.586: [INFO][Sync] Prepare to configure types: History, Encryption Keys
2026-07-21 22:50:45.586: [INFO][SyncManagerImpl::ConfigureSyncer] Types to download: History, Encryption Keys with reason: 4
2026-07-21 22:50:45.586: [INFO][SyncSchedulerImpl::DoConfigurationSyncCycleJob] Blocked types:  and types to download: History, Encryption Keys
2026-07-21 22:50:45.801: [INFO][SyncEngineBackend::DoFinishConfigureDataTypes] Failed to download types:  and succeeded types: History, Encryption Keys
2026-07-21 22:50:45.808: [INFO][Sync] ConfigurationDone, failed: , succeeded: History, Encryption Keys, remaining count: 0
2026-07-21 22:50:45.808: [INFO][Sync]     Configuration completed, state: 3
2026-07-21 22:50:45.809: [INFO][Sync] Configured DataTypeManager: Ok
2026-07-21 22:50:45.817: [INFO][SyncEngineBackend::DoStartSyncing] Start syncing
2026-07-21 22:50:48.106: [INFO][Sync] Reset engine, reason: 0
2026-07-21 22:50:48.106: [INFO][Sync] Reset engine with reason: 0
2026-07-22 15:58:43.684: [INFO][Sync] SyncState after authenticated was: FeatureCanStart
2026-07-22 15:58:44.204: [INFO][SyncAuthManager::SetLastAuthError] Current auth error: None
2026-07-22 15:58:44.204: [INFO][SyncAuthManager::EdgeLogTokenErrorState] Token error with: None for account type: MSA
2026-07-22 15:58:44.204: [INFO][Sync] Credentials changed for: EdgeSyncKeyDataScope
2026-07-22 15:58:44.349: [INFO][Sync] Try to start sync engine
2026-07-22 15:58:44.355: [INFO][SyncEngineBackend::LoadAndConnectNigoriController] Load and connect Nigori controller
2026-07-22 15:58:44.355: [INFO][SyncEngineBackend::DoInitialize] Control Types added: 
2026-07-22 15:58:44.355: [INFO][SyncManagerImpl::ConfigureSyncer] Types to download:  with reason: 4
2026-07-22 15:58:44.355: [INFO][SyncEngineBackend::DoUpdateKeyDataCredentials] Update key data credentials
2026-07-22 15:58:44.380: [INFO][Sync] Started DataTypeManager configuration, reason: 4
2026-07-22 15:58:44.381: [INFO][Sync] Configuring for: Bookmarks, Preferences, Passwords, Autofill Profiles, Autofill, Extensions, Sessions, Extension settings, History Delete Directives, Device Info, User Consents, Send Tab To Self, Web Apps, History, Saved Tab Group, WebAuthn Credentials, Edge E Drop, Edge Hub App Usage, Edge Workspace, Encryption Keys, reason: 4, current state: 0
2026-07-22 15:58:44.381: [INFO][SyncEngineBackend::DoStartConfiguration] Start configuration
2026-07-22 15:58:44.387: [INFO][Sync] Configure, desired: Bookmarks, Preferences, Passwords, Autofill Profiles, Autofill, Extensions, Sessions, Extension settings, History Delete Directives, Device Info, User Consents, Send Tab To Self, Web Apps, History, Saved Tab Group, WebAuthn Credentials, Edge E Drop, Edge Hub App Usage, Edge Workspace, Encryption Keys; Allow fail: 
2026-07-22 15:58:44.387: [INFO][Sync] Loading: Bookmarks
2026-07-22 15:58:44.387: [INFO][Sync] Loading: Preferences
2026-07-22 15:58:44.387: [INFO][Sync] Loading: Passwords
2026-07-22 15:58:44.387: [INFO][Sync] Loading: Autofill Profiles
2026-07-22 15:58:44.387: [INFO][Sync] Loading: Autofill
2026-07-22 15:58:44.387: [INFO][Sync] Loading: Extensions
2026-07-22 15:58:44.387: [INFO][Sync] Loading: Sessions
2026-07-22 15:58:44.387: [INFO][Sync] Loading: Extension settings
2026-07-22 15:58:44.387: [INFO][Sync] Loading: History Delete Directives
2026-07-22 15:58:44.387: [INFO][Sync] Loading: Device Info
2026-07-22 15:58:44.387: [INFO][Sync] Loading: User Consents
2026-07-22 15:58:44.387: [INFO][Sync] Loading: Send Tab To Self
2026-07-22 15:58:44.387: [INFO][Sync] Loading: Web Apps
2026-07-22 15:58:44.387: [INFO][Sync] Loading: History
2026-07-22 15:58:44.387: [INFO][Sync] Loading: Saved Tab Group
2026-07-22 15:58:44.388: [INFO][Sync] Loading: WebAuthn Credentials
2026-07-22 15:58:44.388: [INFO][Sync] Loading: Edge E Drop
2026-07-22 15:58:44.388: [INFO][Sync] Loading: Edge Hub App Usage
2026-07-22 15:58:44.388: [INFO][Sync] Loading: Edge Workspace
2026-07-22 15:58:44.394: [INFO][SyncAuthManager::SetLastAuthError] Current auth error: None
2026-07-22 15:58:44.394: [INFO][SyncAuthManager::EdgeLogTokenErrorState] Token error with: None for account type: MSA
2026-07-22 15:58:44.394: [INFO][Sync] Credentials changed for: EdgeSyncScopeNew
2026-07-22 15:58:44.394: [INFO][SyncEngineBackend::DoUpdateCredentials] Update credentials
2026-07-22 15:58:44.394: [INFO][SyncEngineBackend::DoUpdateKeyDataCredentials] Update key data credentials
2026-07-22 15:58:44.422: [INFO][Sync] All data types are ready for configure.
2026-07-22 15:58:44.422: [INFO][SyncManagerImpl::ConfigureSyncer] Types to download:  with reason: 4
2026-07-22 15:58:44.422: [INFO][SyncEngineBackend::DoFinishConfigureDataTypes] Failed to download types:  and succeeded types: 
2026-07-22 15:58:44.440: [INFO][Sync] ConfigurationDone, failed: , succeeded: , remaining count: 3
2026-07-22 15:58:44.440: [INFO][SyncManagerImpl::ConfigureSyncer] Types to download:  with reason: 4
2026-07-22 15:58:44.440: [INFO][SyncEngineBackend::DoFinishConfigureDataTypes] Failed to download types:  and succeeded types: 
2026-07-22 15:58:44.441: [INFO][Sync] ConfigurationDone, failed: , succeeded: , remaining count: 2
2026-07-22 15:58:44.441: [INFO][SyncManagerImpl::ConfigureSyncer] Types to download:  with reason: 4
2026-07-22 15:58:44.441: [INFO][SyncEngineBackend::DoFinishConfigureDataTypes] Failed to download types:  and succeeded types: 
2026-07-22 15:58:44.442: [INFO][Sync] ConfigurationDone, failed: , succeeded: , remaining count: 1
2026-07-22 15:58:44.442: [INFO][SyncManagerImpl::ConfigureSyncer] Types to download:  with reason: 4
2026-07-22 15:58:44.442: [INFO][SyncEngineBackend::DoFinishConfigureDataTypes] Failed to download types:  and succeeded types: 
2026-07-22 15:58:44.442: [INFO][Sync] ConfigurationDone, failed: , succeeded: , remaining count: 0
2026-07-22 15:58:44.442: [INFO][Sync]     Configuration completed, state: 3
2026-07-22 15:58:44.442: [INFO][Sync] Configured DataTypeManager: Ok
2026-07-22 15:58:44.455: [INFO][SyncEngineBackend::DoStartSyncing] Start syncing
2026-07-22 15:58:47.288: [INFO][Sync] Reset engine, reason: 0
2026-07-22 15:58:47.288: [INFO][Sync] Reset engine with reason: 0
