{"logTime": "0721/222426", "correlationVector":"muhxY82pcu8ztDs/znrr25.1","action":"SyncServerConnectionManagerRequest", "result":"SYNC_SERVER_OK", "context":{"environment":"Prod_eastus_prod-s01-056-nam-eastus", "migrationStage":"NotStarted", "server":"akswtt11500000n"}}
{"logTime": "0721/222426", "correlationVector":"muhxY82pcu8ztDs/znrr25.2","action":"ProcessGetUpdates", "result":"Done", "context":{"dataType":"Encryption Keys", "deleted":"0", "process_failed_to_decrypt":"0", "process_pending_decryption":"0", "process_success":"1", "total":"1"}}
{"logTime": "0721/222426", "correlationVector":"5own2SPBEpxQinzQ9AfLx8","action":"SyncServerConnectionManagerRequest", "result":"SYNC_SERVER_OK", "context":{"environment":"", "migrationStage":"", "server":""}}
{"logTime": "0721/222426", "correlationVector":"5own2SPBEpxQinzQ9AfLx8.0","action":"EncryptionKeysFetcher.DownloadKeys:", "result":"Success", "context":Key count: 4, Last key timestamp: 2026-06-05T22:48:00Z}
{"logTime": "0721/222426", "correlationVector":"5own2SPBEpxQinzQ9AfLx8.1","action":"EncryptionKeysManager::SetEncryptionKeys:", "result":"Success", "context":Key names[4]:[o/niHbdwccq3in+WeKu+Y2G9GDqqskdrUPtiHHg5zXqCZImmZLZwSEHfufRLKg0cGFp8y/b6kNd8IjNST6gHog==][V2Xp10Roh0kMipjATozdNvklopvvuRFTgEaKL9A+4Uo8MtYJ7lCGOZQqSp5P07ddG4gq1I4dwJwZ+9s3j/gv3Q==][MVp5e6XvQHJjR8ksabcz/OdN3OKrMqKqv7+4q1QfzjjTmFdPZiYpidzpX0iBcyTDyGEbOwHAp8L06ItOUhKV/A==][I6NSbW9R7xlA+pumz1zmLhtgh1NRixgtoEtV9zWBgn6jBnag16wMoF+LXfcwOgAQHvRsiac9JtZPva6ru46NBA==]}
{"logTime": "0721/222426", "correlationVector":"5own2SPBEpxQinzQ9AfLx8.2","action":"EncryptionKeysManager::SetEncryptionKeysWithTimestamps:", "result":"Success", "context":Key timestamps[4]:[2024-10-22T03:06:58Z][2025-04-30T21:07:33Z][2025-11-26T03:27:34Z][2026-06-05T22:48:00Z]}
{"logTime": "0721/222426", "correlationVector":"muhxY82pcu8ztDs/znrr25","action":"Initial GetUpdates", "result":"", "context":Reason: NEW_CLIENT. cV=muhxY82pcu8ztDs/znrr25}
{"logTime": "0721/222426", "correlationVector":"muhxY82pcu8ztDs/znrr25.3","action":"GetUpdates Response", "result":"Success", "context":Received 1 update(s). cV=muhxY82pcu8ztDs/znrr25.0;server=akswtt11500000n;cloudType=Consumer;environment=Prod_eastus_prod-s01-056-nam-eastus;migrationStage=NotStarted}
{"logTime": "0721/222426", "correlationVector":"1BZAFj9ociOebMLve+Ek4R","action":"Initial GetUpdates", "result":"", "context":Reason: NEWLY_SUPPORTED_DATATYPE. cV=1BZAFj9ociOebMLve+Ek4R}
{"logTime": "0721/222427", "correlationVector":"1BZAFj9ociOebMLve+Ek4R.1","action":"SyncServerConnectionManagerRequest", "result":"SYNC_SERVER_OK", "context":{"environment":"Prod_eastus_prod-s01-056-nam-eastus", "migrationStage":"NotStarted", "server":"akswtt11500000e"}}
{"logTime": "0721/222427", "correlationVector":"1BZAFj9ociOebMLve+Ek4R.2","action":"ProcessGetUpdates", "result":"Done", "context":{"dataType":"Passwords", "deleted":"0", "process_failed_to_decrypt":"0", "process_pending_decryption":"0", "process_success":"31", "total":"31"}}
{"logTime": "0721/222427", "correlationVector":"1BZAFj9ociOebMLve+Ek4R.3","action":"ProcessGetUpdates", "result":"Done", "context":{"dataType":"Device Info", "deleted":"0", "process_failed_to_decrypt":"0", "process_pending_decryption":"0", "process_success":"9", "total":"9"}}
{"logTime": "0721/222427", "correlationVector":"1BZAFj9ociOebMLve+Ek4R.4","action":"GetUpdates Response", "result":"Success", "context":Received 40 update(s). cV=1BZAFj9ociOebMLve+Ek4R.0;server=akswtt11500000e;cloudType=Consumer;environment=Prod_eastus_prod-s01-056-nam-eastus;migrationStage=NotStarted}
{"logTime": "0721/222427", "correlationVector":"9TGYB3wmD47qE77uvd6zBD","action":"Initial GetUpdates", "result":"", "context":Reason: NEWLY_SUPPORTED_DATATYPE. cV=9TGYB3wmD47qE77uvd6zBD}
{"logTime": "0721/222427", "correlationVector":"9TGYB3wmD47qE77uvd6zBD.1","action":"SyncServerConnectionManagerRequest", "result":"SYNC_SERVER_OK", "context":{"environment":"Prod_eastus_prod-s01-056-nam-eastus", "migrationStage":"NotStarted", "server":"akswtt11500000g"}}
{"logTime": "0721/222427", "correlationVector":"9TGYB3wmD47qE77uvd6zBD.2","action":"ProcessGetUpdates", "result":"Done", "context":{"dataType":"Bookmarks", "deleted":"0", "process_failed_to_decrypt":"0", "process_pending_decryption":"0", "process_success":"61", "total":"61"}}
{"logTime": "0721/222427", "correlationVector":"9TGYB3wmD47qE77uvd6zBD.3","action":"ProcessGetUpdates", "result":"Done", "context":{"dataType":"Preferences", "deleted":"0", "process_failed_to_decrypt":"0", "process_pending_decryption":"0", "process_success":"50", "total":"50"}}
{"logTime": "0721/222427", "correlationVector":"9TGYB3wmD47qE77uvd6zBD.4","action":"ProcessGetUpdates", "result":"Done", "context":{"dataType":"Autofill Profiles", "deleted":"0", "process_failed_to_decrypt":"0", "process_pending_decryption":"0", "process_success":"1", "total":"1"}}
{"logTime": "0721/222427", "correlationVector":"9TGYB3wmD47qE77uvd6zBD.5","action":"ProcessGetUpdates", "result":"Done", "context":{"dataType":"Autofill", "deleted":"0", "process_failed_to_decrypt":"0", "process_pending_decryption":"0", "process_success":"130", "total":"130"}}
{"logTime": "0721/222427", "correlationVector":"9TGYB3wmD47qE77uvd6zBD.6","action":"ProcessGetUpdates", "result":"Done", "context":{"dataType":"Sessions", "deleted":"4", "process_failed_to_decrypt":"0", "process_pending_decryption":"0", "process_success":"4", "total":"4"}}
{"logTime": "0721/222427", "correlationVector":"9TGYB3wmD47qE77uvd6zBD.7","action":"ProcessGetUpdates", "result":"Done", "context":{"dataType":"Edge Hub App Usage", "deleted":"2", "process_failed_to_decrypt":"0", "process_pending_decryption":"0", "process_success":"4", "total":"4"}}
{"logTime": "0721/222427", "correlationVector":"9TGYB3wmD47qE77uvd6zBD.8","action":"GetUpdates Response", "result":"Success", "context":Received 250 update(s). cV=9TGYB3wmD47qE77uvd6zBD.0;server=akswtt11500000g;cloudType=Consumer;environment=Prod_eastus_prod-s01-056-nam-eastus;migrationStage=NotStarted Some updates remain.}
{"logTime": "0721/222427", "correlationVector":"mwurkmUyPy3UMmwR6qXkl6","action":"Initial GetUpdates", "result":"", "context":Reason: NEWLY_SUPPORTED_DATATYPE. cV=mwurkmUyPy3UMmwR6qXkl6}
{"logTime": "0721/222428", "correlationVector":"mwurkmUyPy3UMmwR6qXkl6.1","action":"SyncServerConnectionManagerRequest", "result":"SYNC_SERVER_OK", "context":{"environment":"Prod_eastus_prod-s01-056-nam-eastus", "migrationStage":"NotStarted", "server":"akswtt115000005"}}
{"logTime": "0721/222428", "correlationVector":"mwurkmUyPy3UMmwR6qXkl6.2","action":"ProcessGetUpdates", "result":"Done", "context":{"dataType":"Preferences", "deleted":"0", "process_failed_to_decrypt":"0", "process_pending_decryption":"0", "process_success":"2", "total":"2"}}
{"logTime": "0721/222428", "correlationVector":"mwurkmUyPy3UMmwR6qXkl6.3","action":"ProcessGetUpdates", "result":"Done", "context":{"dataType":"Autofill", "deleted":"0", "process_failed_to_decrypt":"0", "process_pending_decryption":"0", "process_success":"78", "total":"78"}}
{"logTime": "0721/222428", "correlationVector":"mwurkmUyPy3UMmwR6qXkl6.4","action":"ProcessGetUpdates", "result":"Done", "context":{"dataType":"Sessions", "deleted":"15", "process_failed_to_decrypt":"0", "process_pending_decryption":"0", "process_success":"15", "total":"15"}}
{"logTime": "0721/222428", "correlationVector":"mwurkmUyPy3UMmwR6qXkl6.5","action":"ProcessGetUpdates", "result":"Done", "context":{"dataType":"Edge Hub App Usage", "deleted":"0", "process_failed_to_decrypt":"0", "process_pending_decryption":"0", "process_success":"1", "total":"1"}}
{"logTime": "0721/222428", "correlationVector":"mwurkmUyPy3UMmwR6qXkl6.6","action":"GetUpdates Response", "result":"Success", "context":Received 96 update(s). cV=mwurkmUyPy3UMmwR6qXkl6.0;server=akswtt115000005;cloudType=Consumer;environment=Prod_eastus_prod-s01-056-nam-eastus;migrationStage=NotStarted}
{"logTime": "0721/222428", "correlationVector":"e4VxsJzWeDBGwLrZ3Y63Pq","action":"Initial GetUpdates", "result":"", "context":Reason: NEWLY_SUPPORTED_DATATYPE. cV=e4VxsJzWeDBGwLrZ3Y63Pq}
{"logTime": "0721/222428", "correlationVector":"e4VxsJzWeDBGwLrZ3Y63Pq.1","action":"SyncServerConnectionManagerRequest", "result":"SYNC_SERVER_OK", "context":{"environment":"Prod_eastus_prod-s01-056-nam-eastus", "migrationStage":"NotStarted", "server":"akswtt11500000p"}}
{"logTime": "0721/222428", "correlationVector":"e4VxsJzWeDBGwLrZ3Y63Pq.2","action":"ProcessGetUpdates", "result":"Done", "context":{"dataType":"History", "deleted":"0", "process_failed_to_decrypt":"0", "process_pending_decryption":"0", "process_success":"10", "total":"10"}}
{"logTime": "0721/222429", "correlationVector":"e4VxsJzWeDBGwLrZ3Y63Pq.3","action":"GetUpdates Response", "result":"Success", "context":Received 10 update(s). cV=e4VxsJzWeDBGwLrZ3Y63Pq.0;server=akswtt11500000p;cloudType=Consumer;environment=Prod_eastus_prod-s01-056-nam-eastus;migrationStage=NotStarted}
{"logTime": "0721/222429", "correlationVector":"bw3kLWqoS4Yi3rcYd4gMag","action":"Normal GetUpdate request", "result":"", "context":cV=bw3kLWqoS4Yi3rcYd4gMag
Nudged types: Sessions, Device Info, User Consents
Refresh requested types: Bookmarks, Preferences, Passwords, Autofill Profiles, Autofill, Extensions, Sessions, Extension settings, History Delete Directives, Device Info, User Consents, Send Tab To Self, Web Apps, History, Saved Tab Group, WebAuthn Credentials, Edge E Drop, Edge Hub App Usage, Edge Workspace, Encryption Keys}
{"logTime": "0721/222429", "correlationVector":"bw3kLWqoS4Yi3rcYd4gMag","action":"SyncServerConnectionManagerRequest", "result":"CONNECTION_UNAVAILABLE", "context":{"error_type":"net_error_code", "error_value":"-3"}}
{"logTime": "0722/155818", "correlationVector":"56gKMtkNLCXjdU1g2o6J/O","action":"Normal GetUpdate request", "result":"", "context":cV=56gKMtkNLCXjdU1g2o6J/O
Nudged types: Sessions, History
Refresh requested types: Bookmarks, Preferences, Passwords, Autofill Profiles, Autofill, Extensions, Sessions, Extension settings, History Delete Directives, Device Info, User Consents, Send Tab To Self, Web Apps, History, Saved Tab Group, WebAuthn Credentials, Edge E Drop, Edge Hub App Usage, Edge Workspace, Encryption Keys}
{"logTime": "0722/155819", "correlationVector":"56gKMtkNLCXjdU1g2o6J/O.1","action":"SyncServerConnectionManagerRequest", "result":"SYNC_SERVER_OK", "context":{"environment":"Prod_eastus_prod-s01-056-nam-eastus", "migrationStage":"NotStarted", "server":"akswtt11500000f"}}
{"logTime": "0722/155819", "correlationVector":"56gKMtkNLCXjdU1g2o6J/O.2","action":"ProcessGetUpdates", "result":"Done", "context":{"dataType":"Sessions", "deleted":"1", "process_failed_to_decrypt":"0", "process_pending_decryption":"0", "process_success":"2", "total":"2"}}
{"logTime": "0722/155819", "correlationVector":"56gKMtkNLCXjdU1g2o6J/O.3","action":"ProcessGetUpdates", "result":"Done", "context":{"dataType":"History", "deleted":"0", "process_failed_to_decrypt":"0", "process_pending_decryption":"0", "process_success":"1", "total":"1"}}
{"logTime": "0722/155819", "correlationVector":"56gKMtkNLCXjdU1g2o6J/O.4","action":"GetUpdates Response", "result":"Success", "context":Received 3 update(s). cV=56gKMtkNLCXjdU1g2o6J/O.0;server=akswtt11500000f;cloudType=Consumer;environment=Prod_eastus_prod-s01-056-nam-eastus;migrationStage=NotStarted}
{"logTime": "0722/155819", "correlationVector":"cE9w2Z2frOGe3JXcBYJajT","action":"Commit Request", "result":"", "context":Item count: 4
Contributing types: Sessions, History}
{"logTime": "0722/155820", "correlationVector":"cE9w2Z2frOGe3JXcBYJajT.1","action":"SyncServerConnectionManagerRequest", "result":"SYNC_SERVER_OK", "context":{"environment":"Prod_eastus_prod-s01-056-nam-eastus", "migrationStage":"NotStarted", "server":"akswtt115000001"}}
{"logTime": "0722/155820", "correlationVector":"cE9w2Z2frOGe3JXcBYJajT.2","action":"Commit Response", "result":"Success", "context":Result: Success. cV=cE9w2Z2frOGe3JXcBYJajT.0;server=akswtt115000001;cloudType=Consumer;environment=Prod_eastus_prod-s01-056-nam-eastus;migrationStage=NotStarted}
{"logTime": "0722/155820", "correlationVector":"k36M9dgdPWUZRJUDJlkjCt","action":"Poll GetUpdate request", "result":"", "context":cV=k36M9dgdPWUZRJUDJlkjCt}
{"logTime": "0722/155820", "correlationVector":"k36M9dgdPWUZRJUDJlkjCt.1","action":"SyncServerConnectionManagerRequest", "result":"SYNC_SERVER_OK", "context":{"environment":"Prod_eastus_prod-s01-056-nam-eastus", "migrationStage":"NotStarted", "server":"akswtt11500000p"}}
{"logTime": "0722/155820", "correlationVector":"k36M9dgdPWUZRJUDJlkjCt.2","action":"ProcessGetUpdates", "result":"Done", "context":{"dataType":"Sessions", "deleted":"0", "process_failed_to_decrypt":"0", "process_pending_decryption":"0", "process_success":"2", "total":"2"}}
{"logTime": "0722/155820", "correlationVector":"k36M9dgdPWUZRJUDJlkjCt.3","action":"ProcessGetUpdates", "result":"Done", "context":{"dataType":"History", "deleted":"0", "process_failed_to_decrypt":"0", "process_pending_decryption":"0", "process_success":"2", "total":"2"}}
{"logTime": "0722/155820", "correlationVector":"k36M9dgdPWUZRJUDJlkjCt.4","action":"GetUpdates Response", "result":"Success", "context":Received 4 update(s). cV=k36M9dgdPWUZRJUDJlkjCt.0;server=akswtt11500000p;cloudType=Consumer;environment=Prod_eastus_prod-s01-056-nam-eastus;migrationStage=NotStarted}
{"logTime": "0722/155820", "correlationVector":"ffpdtJcO0BFka7NXp2uR75","action":"DoCompareDataConsistency requsted types: ", "result":"Bookmarks, Preferences, Passwords, Extensions, Extension settings, History Delete Directives, Send Tab To Self, Web Apps, History, Saved Tab Group, WebAuthn Credentials, Edge E Drop, Edge Workspace, Encryption Keys"}
{"logTime": "0722/155820", "correlationVector":"ffpdtJcO0BFka7NXp2uR75.0","action":"CompareDataConsistency result: ", "result":"Compare result: Encryption Keys is consistent. local entities count is: 1 local entities hash is: oSfNxwB8LBzIFpj0cRnF/unNpiU="}
{"logTime": "0722/155820", "correlationVector":"ffpdtJcO0BFka7NXp2uR75.1","action":"CompareDataConsistency result: ", "result":"Compare result: Bookmarks is consistent. local entities count is: 55 local entities hash is: FimpC0wxKj/TuRydnZp9V76ri0I="}
{"logTime": "0722/155820", "correlationVector":"ffpdtJcO0BFka7NXp2uR75.2","action":"CompareDataConsistency result: ", "result":"Compare result: Preferences is consistent. local entities count is: 52 local entities hash is: KA/ysMxyFM7TX3oAV18D0uzg8Ww="}
{"logTime": "0722/155820", "correlationVector":"ffpdtJcO0BFka7NXp2uR75.3","action":"CompareDataConsistency result: ", "result":"Compare result: Passwords is consistent. local entities count is: 31 local entities hash is: UBhziM6XKScPRcWH87tEbJSc+pc="}
{"logTime": "0722/155820", "correlationVector":"ffpdtJcO0BFka7NXp2uR75.4","action":"CompareDataConsistency result: ", "result":"Compare result: Extensions is consistent. local entities count is: 0 local entities hash is: "}
{"logTime": "0722/155820", "correlationVector":"ffpdtJcO0BFka7NXp2uR75.5","action":"CompareDataConsistency result: ", "result":"Compare result: Extension settings is consistent. local entities count is: 0 local entities hash is: "}
{"logTime": "0722/155820", "correlationVector":"ffpdtJcO0BFka7NXp2uR75.6","action":"CompareDataConsistency result: ", "result":"Compare result: History Delete Directives is consistent. local entities count is: 0 local entities hash is: "}
{"logTime": "0722/155820", "correlationVector":"ffpdtJcO0BFka7NXp2uR75.7","action":"CompareDataConsistency result: ", "result":"Server did not send this Send Tab To Self local entities count is: 0 local entities hash is: "}
{"logTime": "0722/155820", "correlationVector":"ffpdtJcO0BFka7NXp2uR75.8","action":"CompareDataConsistency result: ", "result":"Compare result: Web Apps is consistent. local entities count is: 0 local entities hash is: "}
{"logTime": "0722/155820", "correlationVector":"ffpdtJcO0BFka7NXp2uR75.9","action":"CompareDataConsistency result: ", "result":"Server did not send this History local entities count is: 0 local entities hash is: "}
{"logTime": "0722/155820", "correlationVector":"ffpdtJcO0BFka7NXp2uR75.10","action":"CompareDataConsistency result: ", "result":"Compare result: Saved Tab Group is consistent. local entities count is: 0 local entities hash is: "}
{"logTime": "0722/155820", "correlationVector":"ffpdtJcO0BFka7NXp2uR75.11","action":"CompareDataConsistency result: ", "result":"Server did not send this WebAuthn Credentials local entities count is: 0 local entities hash is: "}
{"logTime": "0722/155820", "correlationVector":"ffpdtJcO0BFka7NXp2uR75.12","action":"CompareDataConsistency result: ", "result":"Compare result: Edge E Drop is consistent. local entities count is: 0 local entities hash is: "}
{"logTime": "0722/155820", "correlationVector":"ffpdtJcO0BFka7NXp2uR75.13","action":"CompareDataConsistency result: ", "result":"Server did not send this Edge Workspace local entities count is: 0 local entities hash is: "}
{"logTime": "0722/155820", "correlationVector":"","action":"DIAGNOSTIC_REQUEST|v1/diagnosticData/Diagnostic.SendCheckResult()|SUCCESS", "result":""}
{"logTime": "0728/185942", "correlationVector":"GLkQrhJEZ6c/VbXW/3bULw","action":"Normal GetUpdate request", "result":"", "context":cV=GLkQrhJEZ6c/VbXW/3bULw
Nudged types: Sessions
Refresh requested types: Bookmarks, Preferences, Passwords, Autofill Profiles, Autofill, Extensions, Sessions, Extension settings, History Delete Directives, Device Info, User Consents, Send Tab To Self, Web Apps, History, Saved Tab Group, WebAuthn Credentials, Edge E Drop, Edge Hub App Usage, Edge Workspace, Encryption Keys}
{"logTime": "0728/185942", "correlationVector":"GLkQrhJEZ6c/VbXW/3bULw.1","action":"SyncServerConnectionManagerRequest", "result":"SYNC_SERVER_OK", "context":{"environment":"Prod_eastus2_prod-s01-050-nam-eastus2", "migrationStage":"NotStarted", "server":"akswtt11500002d"}}
{"logTime": "0728/185942", "correlationVector":"GLkQrhJEZ6c/VbXW/3bULw.2","action":"ProcessGetUpdates", "result":"Done", "context":{"dataType":"Sessions", "deleted":"0", "process_failed_to_decrypt":"0", "process_pending_decryption":"0", "process_success":"2", "total":"2"}}
{"logTime": "0728/185942", "correlationVector":"GLkQrhJEZ6c/VbXW/3bULw.3","action":"GetUpdates Response", "result":"Success", "context":Received 2 update(s). cV=GLkQrhJEZ6c/VbXW/3bULw.0;server=akswtt11500002d;cloudType=Consumer;environment=Prod_eastus2_prod-s01-050-nam-eastus2;migrationStage=NotStarted}
{"logTime": "0728/185942", "correlationVector":"OQ7QrIfPlUZK5OP8c0B1af","action":"Commit Request", "result":"", "context":Item count: 2
Contributing types: Sessions}
{"logTime": "0728/185942", "correlationVector":"OQ7QrIfPlUZK5OP8c0B1af.1","action":"SyncServerConnectionManagerRequest", "result":"SYNC_SERVER_OK", "context":{"environment":"Prod_eastus2_prod-s01-050-nam-eastus2", "migrationStage":"NotStarted", "server":"akswtt11500001h"}}
{"logTime": "0728/185942", "correlationVector":"OQ7QrIfPlUZK5OP8c0B1af.2","action":"Commit Response", "result":"Success", "context":Result: Success. cV=OQ7QrIfPlUZK5OP8c0B1af.0;server=akswtt11500001h;cloudType=Consumer;environment=Prod_eastus2_prod-s01-050-nam-eastus2;migrationStage=NotStarted}
{"logTime": "0730/032406", "correlationVector":"usB3vEJruK4O3Ze7EFBEIX","action":"Normal GetUpdate request", "result":"", "context":cV=usB3vEJruK4O3Ze7EFBEIX
Nudged types: Sessions, Device Info
Refresh requested types: Bookmarks, Preferences, Passwords, Autofill Profiles, Autofill, Extensions, Sessions, Extension settings, History Delete Directives, Device Info, User Consents, Send Tab To Self, Web Apps, History, Saved Tab Group, WebAuthn Credentials, Edge E Drop, Edge Hub App Usage, Edge Workspace, Encryption Keys}
{"logTime": "0730/032406", "correlationVector":"usB3vEJruK4O3Ze7EFBEIX.1","action":"SyncServerConnectionManagerRequest", "result":"SYNC_SERVER_OK", "context":{"environment":"Prod_eastus_prod-s01-056-nam-eastus", "migrationStage":"NotStarted", "server":"akswtt11600000d"}}
{"logTime": "0730/032406", "correlationVector":"usB3vEJruK4O3Ze7EFBEIX.2","action":"ProcessGetUpdates", "result":"Done", "context":{"dataType":"Sessions", "deleted":"0", "process_failed_to_decrypt":"0", "process_pending_decryption":"0", "process_success":"2", "total":"2"}}
{"logTime": "0730/032406", "correlationVector":"usB3vEJruK4O3Ze7EFBEIX.3","action":"ProcessGetUpdates", "result":"Done", "context":{"dataType":"Device Info", "deleted":"0", "process_failed_to_decrypt":"0", "process_pending_decryption":"0", "process_success":"1", "total":"1"}}
{"logTime": "0730/032406", "correlationVector":"usB3vEJruK4O3Ze7EFBEIX.4","action":"GetUpdates Response", "result":"Success", "context":Received 3 update(s). cV=usB3vEJruK4O3Ze7EFBEIX.0;server=akswtt11600000d;cloudType=Consumer;environment=Prod_eastus_prod-s01-056-nam-eastus;migrationStage=NotStarted}
{"logTime": "0730/032406", "correlationVector":"fDoUhCz6vPz5H+XgJe/g4e","action":"Commit Request", "result":"", "context":Item count: 1
Contributing types: Sessions}
{"logTime": "0730/032406", "correlationVector":"fDoUhCz6vPz5H+XgJe/g4e.1","action":"SyncServerConnectionManagerRequest", "result":"SYNC_SERVER_OK", "context":{"environment":"Prod_eastus_prod-s01-056-nam-eastus", "migrationStage":"NotStarted", "server":"akswtt11600000j"}}
{"logTime": "0730/032406", "correlationVector":"fDoUhCz6vPz5H+XgJe/g4e.2","action":"Commit Response", "result":"Success", "context":Result: Success. cV=fDoUhCz6vPz5H+XgJe/g4e.0;server=akswtt11600000j;cloudType=Consumer;environment=Prod_eastus_prod-s01-056-nam-eastus;migrationStage=NotStarted}
{"logTime": "0730/032406", "correlationVector":"AEJCjbw8/wRn7AZzHVZbD9","action":"SyncServerConnectionManagerRequest", "result":"SYNC_SERVER_OK", "context":{"environment":"", "migrationStage":"", "server":""}}
{"logTime": "0730/032406", "correlationVector":"AEJCjbw8/wRn7AZzHVZbD9.0","action":"EncryptionKeysFetcher.DownloadKeys:", "result":"Success", "context":Key count: 4, Last key timestamp: 2026-06-05T22:48:00Z}
{"logTime": "0730/032406", "correlationVector":"AEJCjbw8/wRn7AZzHVZbD9.1","action":"EncryptionKeysManager::SetEncryptionKeys:", "result":"Success", "context":Key names[4]:[o/niHbdwccq3in+WeKu+Y2G9GDqqskdrUPtiHHg5zXqCZImmZLZwSEHfufRLKg0cGFp8y/b6kNd8IjNST6gHog==][V2Xp10Roh0kMipjATozdNvklopvvuRFTgEaKL9A+4Uo8MtYJ7lCGOZQqSp5P07ddG4gq1I4dwJwZ+9s3j/gv3Q==][MVp5e6XvQHJjR8ksabcz/OdN3OKrMqKqv7+4q1QfzjjTmFdPZiYpidzpX0iBcyTDyGEbOwHAp8L06ItOUhKV/A==][I6NSbW9R7xlA+pumz1zmLhtgh1NRixgtoEtV9zWBgn6jBnag16wMoF+LXfcwOgAQHvRsiac9JtZPva6ru46NBA==]}
{"logTime": "0730/032406", "correlationVector":"AEJCjbw8/wRn7AZzHVZbD9.2","action":"EncryptionKeysManager::SetEncryptionKeysWithTimestamps:", "result":"Success", "context":Key timestamps[4]:[2024-10-22T03:06:58Z][2025-04-30T21:07:33Z][2025-11-26T03:27:34Z][2026-06-05T22:48:00Z]}
{"logTime": "0730/032406", "correlationVector":"DU4eYaTg39BePV4Bbrz8VX","action":"Commit Request", "result":"", "context":Item count: 3
Contributing types: Sessions}
{"logTime": "0730/032407", "correlationVector":"DU4eYaTg39BePV4Bbrz8VX.1","action":"SyncServerConnectionManagerRequest", "result":"SYNC_SERVER_OK", "context":{"environment":"Prod_eastus_prod-s01-056-nam-eastus", "migrationStage":"NotStarted", "server":"akswtt116000008"}}
{"logTime": "0730/032407", "correlationVector":"DU4eYaTg39BePV4Bbrz8VX.3","action":"Commit.Sessions", "result":"Success", "context":{"id":"37137ec2-1dd1-4b07-becb-b2b5fda0e8c4", "isDeleted":"true", "size":"0", "version":"1785381798079"}}
{"logTime": "0730/032407", "correlationVector":"DU4eYaTg39BePV4Bbrz8VX.2","action":"Commit Response", "result":"Success", "context":Result: Success. cV=DU4eYaTg39BePV4Bbrz8VX.0;server=akswtt116000008;cloudType=Consumer;environment=Prod_eastus_prod-s01-056-nam-eastus;migrationStage=NotStarted}
{"logTime": "0730/032407", "correlationVector":"zw5fMUOwfVtVfN8Fa/+44I","action":"Poll GetUpdate request", "result":"", "context":cV=zw5fMUOwfVtVfN8Fa/+44I}
{"logTime": "0730/032407", "correlationVector":"zw5fMUOwfVtVfN8Fa/+44I.1","action":"SyncServerConnectionManagerRequest", "result":"SYNC_SERVER_OK", "context":{"environment":"Prod_eastus_prod-s01-056-nam-eastus", "migrationStage":"NotStarted", "server":"akswtt11600000b"}}
{"logTime": "0730/032407", "correlationVector":"zw5fMUOwfVtVfN8Fa/+44I.2","action":"ProcessGetUpdates", "result":"Done", "context":{"dataType":"Sessions", "deleted":"1", "process_failed_to_decrypt":"0", "process_pending_decryption":"0", "process_success":"3", "total":"3"}}
{"logTime": "0730/032407", "correlationVector":"zw5fMUOwfVtVfN8Fa/+44I.3","action":"GetUpdates Response", "result":"Success", "context":Received 3 update(s). cV=zw5fMUOwfVtVfN8Fa/+44I.0;server=akswtt11600000b;cloudType=Consumer;environment=Prod_eastus_prod-s01-056-nam-eastus;migrationStage=NotStarted}
